== uname -a ==
Linux asus-zenbook 6.18.7-76061807-generic #202601231045~1769703228~24.04~cb87b5b SMP PREEMPT_DYNAMIC Thu J x86_64 x86_64 x86_64 GNU/Linux

== lsmod | grep trigger6 ==
trigger6               32768  2

== lsusb -d 0711:5601 ==
Bus 006 Device 003: ID 0711:5601 Magic Control Technology Corp. T6 USB Station
Bus 006 Device 004: ID 0711:5601 Magic Control Technology Corp. T6 USB Station

== trigger6-backed DRM outputs ==

== trigger6 device nodes ==
/dev/trigger6-006-003-out1-jpeg

== trigger6 open file descriptors ==

== recent dmesg ==
[    2.062616] hid-multitouch 0018:04F3:3101.0009: input,hidraw8: I2C HID v1.00 Mouse [ELAN1406:00 04F3:3101] on i2c-ELAN1406:00
[    2.246805] tsc: Refined TSC clocksource calibration: 3096.000 MHz
[    2.246810] clocksource: tsc: mask: 0xffffffffffffffff max_cycles: 0x2ca08564bf3, max_idle_ns: 440795312460 ns
[    2.254394] clocksource: Switched to clocksource tsc
[    2.405431] [drm] Initialized nvidia-drm 0.0.0 for 0000:01:00.0 on minor 0
[    2.405612] nvidia 0000:01:00.0: [drm] Cannot find any crtc or sizes
[    2.434953] system76: Model does not utilize this driver
[    2.479282] usbcore: registered new interface driver system76-io
[    2.504751] raid6: avx2x4   gen() 49139 MB/s
[    2.521801] raid6: avx2x2   gen() 52977 MB/s
[    2.538802] raid6: avx2x1   gen() 44271 MB/s
[    2.538803] raid6: using algorithm avx2x2 gen() 52977 MB/s
[    2.555802] raid6: .... xor() 31425 MB/s, rmw enabled
[    2.555803] raid6: using avx2x2 recovery algorithm
[    2.557734] xor: automatically using best checksumming function   avx       
[    2.558522] async_tx: api initialized (async)
[  255.258529] EXT4-fs (dm-1): mounted filesystem 7381d30c-1bbd-4a72-8dc7-36a57157b084 ro with ordered data mode. Quota mode: none.
[  255.359707] systemd[1]: Inserted module 'autofs4'
[  255.382863] systemd[1]: systemd 255.4-1ubuntu8.12pop0~1769790828~24.04~d4491c0 running in system mode (+PAM +AUDIT +SELINUX +APPARMOR +IMA +SMACK +SECCOMP +GCRYPT -GNUTLS +OPENSSL +ACL +BLKID +CURL +ELFUTILS +FIDO2 +IDN2 -IDN +IPTC +KMOD +LIBCRYPTSETUP +LIBFDISK +PCRE2 -PWQUALITY +P11KIT +QRENCODE +TPM2 +BZIP2 +LZ4 +XZ +ZLIB +ZSTD -BPF_FRAMEWORK -XKBCOMMON +UTMP +SYSVINIT default-hierarchy=unified)
[  255.382867] systemd[1]: Detected architecture x86-64.
[  255.383404] systemd[1]: Hostname set to <asus-zenbook>.
[  255.534477] systemd[1]: Queued start job for default target graphical.target.
[  255.544830] systemd[1]: Created slice system-modprobe.slice - Slice /system/modprobe.
[  255.545055] systemd[1]: Created slice system-systemd\x2dcryptsetup.slice - Encrypted Volume Units Service Slice.
[  255.545201] systemd[1]: Created slice user.slice - User and Session Slice.
[  255.545243] systemd[1]: Started systemd-ask-password-wall.path - Forward Password Requests to Wall Directory Watch.
[  255.545345] systemd[1]: Set up automount proc-sys-fs-binfmt_misc.automount - Arbitrary Executable File Formats File System Automount Point.
[  255.545362] systemd[1]: Expecting device dev-disk-by\x2dpartuuid-1d3570d6\x2d3095\x2d47da\x2db8f8\x2d5c031f87d172.device - /dev/disk/by-partuuid/1d3570d6-3095-47da-b8f8-5c031f87d172...
[  255.545366] systemd[1]: Expecting device dev-disk-by\x2dpartuuid-a5075388\x2d7b33\x2d4712\x2d9430\x2d762a3d05ccb3.device - /dev/disk/by-partuuid/a5075388-7b33-4712-9430-762a3d05ccb3...
[  255.545371] systemd[1]: Expecting device dev-disk-by\x2duuid-3a6bf0c1\x2da44b\x2d40b7\x2dbff8\x2dbcda5ab84fc0.device - /dev/disk/by-uuid/3a6bf0c1-a44b-40b7-bff8-bcda5ab84fc0...
[  255.545375] systemd[1]: Expecting device dev-disk-by\x2duuid-71723688\x2d87ca\x2d4da6\x2d9010\x2d0f95b1034797.device - /dev/disk/by-uuid/71723688-87ca-4da6-9010-0f95b1034797...
[  255.545378] systemd[1]: Expecting device dev-mapper-cryptswap.device - /dev/mapper/cryptswap...
[  255.545392] systemd[1]: Reached target integritysetup.target - Local Integrity Protected Volumes.
[  255.545406] systemd[1]: Reached target nss-user-lookup.target - User and Group Name Lookups.
[  255.545413] systemd[1]: Reached target remote-fs.target - Remote File Systems.
[  255.545420] systemd[1]: Reached target slices.target - Slice Units.
[  255.545434] systemd[1]: Reached target time-set.target - System Time Set.
[  255.545453] systemd[1]: Reached target veritysetup.target - Local Verity Protected Volumes.
[  255.545513] systemd[1]: Listening on dm-event.socket - Device-mapper event daemon FIFOs.
[  255.545680] systemd[1]: Listening on lvm2-lvmpolld.socket - LVM2 poll daemon socket.
[  255.545746] systemd[1]: Listening on syslog.socket - Syslog Socket.
[  255.545807] systemd[1]: Listening on systemd-fsckd.socket - fsck to fsckd communication Socket.
[  255.545842] systemd[1]: Listening on systemd-initctl.socket - initctl Compatibility Named Pipe.
[  255.545900] systemd[1]: Listening on systemd-journald-dev-log.socket - Journal Socket (/dev/log).
[  255.545971] systemd[1]: Listening on systemd-journald.socket - Journal Socket.
[  255.546001] systemd[1]: systemd-pcrextend.socket - TPM2 PCR Extension (Varlink) was skipped because of an unmet condition check (ConditionSecurity=measured-uki).
[  255.546073] systemd[1]: Listening on systemd-udevd-control.socket - udev Control Socket.
[  255.546129] systemd[1]: Listening on systemd-udevd-kernel.socket - udev Kernel Socket.
[  255.546650] systemd[1]: Mounting dev-hugepages.mount - Huge Pages File System...
[  255.547048] systemd[1]: Mounting dev-mqueue.mount - POSIX Message Queue File System...
[  255.547440] systemd[1]: Mounting sys-kernel-debug.mount - Kernel Debug File System...
[  255.547823] systemd[1]: Mounting sys-kernel-tracing.mount - Kernel Trace File System...
[  255.549202] systemd[1]: Starting systemd-journald.service - Journal Service...
[  255.549262] systemd[1]: Finished blk-availability.service - Availability of block devices.
[  255.549804] systemd[1]: Starting keyboard-setup.service - Set the console keyboard layout...
[  255.550282] systemd[1]: Starting kmod-static-nodes.service - Create List of Static Device Nodes...
[  255.550708] systemd[1]: Starting lvm2-monitor.service - Monitoring of LVM2 mirrors, snapshots etc. using dmeventd or progress polling...
[  255.551196] systemd[1]: Starting modprobe@configfs.service - Load Kernel Module configfs...
[  255.551684] systemd[1]: Starting modprobe@dm_mod.service - Load Kernel Module dm_mod...
[  255.552150] systemd[1]: Starting modprobe@drm.service - Load Kernel Module drm...
[  255.552626] systemd[1]: Starting modprobe@efi_pstore.service - Load Kernel Module efi_pstore...
[  255.553325] systemd[1]: Starting modprobe@fuse.service - Load Kernel Module fuse...
[  255.554048] systemd[1]: Starting modprobe@loop.service - Load Kernel Module loop...
[  255.554185] systemd[1]: systemd-fsck-root.service - File System Check on Root Device was skipped because of an unmet condition check (ConditionPathExists=!/run/initramfs/fsck-root).
[  255.555224] systemd[1]: Starting systemd-modules-load.service - Load Kernel Modules...
[  255.555238] systemd[1]: systemd-pcrmachine.service - TPM2 PCR Machine ID Measurement was skipped because of an unmet condition check (ConditionSecurity=measured-uki).
[  255.555798] systemd[1]: Starting systemd-remount-fs.service - Remount Root and Kernel File Systems...
[  255.555844] systemd[1]: systemd-tpm2-setup-early.service - TPM2 SRK Setup (Early) was skipped because of an unmet condition check (ConditionSecurity=measured-uki).
[  255.556405] systemd[1]: Starting systemd-udev-trigger.service - Coldplug All udev Devices...
[  255.557080] systemd[1]: Mounted dev-hugepages.mount - Huge Pages File System.
[  255.557149] systemd[1]: Mounted dev-mqueue.mount - POSIX Message Queue File System.
[  255.557220] systemd[1]: Mounted sys-kernel-debug.mount - Kernel Debug File System.
[  255.557278] systemd[1]: Mounted sys-kernel-tracing.mount - Kernel Trace File System.
[  255.557407] systemd[1]: Finished kmod-static-nodes.service - Create List of Static Device Nodes.
[  255.557442] pstore: Using crash dump compression: deflate
[  255.557560] systemd[1]: modprobe@configfs.service: Deactivated successfully.
[  255.557639] systemd[1]: Finished modprobe@configfs.service - Load Kernel Module configfs.
[  255.557789] systemd[1]: modprobe@dm_mod.service: Deactivated successfully.
[  255.557868] systemd[1]: Finished modprobe@dm_mod.service - Load Kernel Module dm_mod.
[  255.558020] systemd[1]: modprobe@drm.service: Deactivated successfully.
[  255.558094] systemd[1]: Finished modprobe@drm.service - Load Kernel Module drm.
[  255.558230] systemd[1]: modprobe@fuse.service: Deactivated successfully.
[  255.558302] systemd[1]: Finished modprobe@fuse.service - Load Kernel Module fuse.
[  255.558436] systemd[1]: modprobe@loop.service: Deactivated successfully.
[  255.558508] systemd[1]: Finished modprobe@loop.service - Load Kernel Module loop.
[  255.559041] systemd[1]: Mounting sys-fs-fuse-connections.mount - FUSE Control File System...
[  255.559486] systemd[1]: Mounting sys-kernel-config.mount - Kernel Configuration File System...
[  255.559530] systemd[1]: systemd-repart.service - Repartition Root Disk was skipped because no trigger condition checks were met.
[  255.560050] systemd[1]: Starting systemd-tmpfiles-setup-dev-early.service - Create Static Device Nodes in /dev gracefully...
[  255.560281] systemd-journald[562]: Collecting audit messages is disabled.
[  255.563493] systemd[1]: Mounted sys-fs-fuse-connections.mount - FUSE Control File System.
[  255.563576] systemd[1]: Mounted sys-kernel-config.mount - Kernel Configuration File System.
[  255.565081] pstore: Registered efi_pstore as persistent store backend
[  255.565397] systemd[1]: modprobe@efi_pstore.service: Deactivated successfully.
[  255.565485] systemd[1]: Finished modprobe@efi_pstore.service - Load Kernel Module efi_pstore.
[  255.567059] lp: driver loaded but no devices found
[  255.569500] ppdev: user-space parallel port driver
[  255.572966] EXT4-fs (dm-1): re-mounted 7381d30c-1bbd-4a72-8dc7-36a57157b084 r/w.
[  255.573489] systemd[1]: Finished systemd-remount-fs.service - Remount Root and Kernel File Systems.
[  255.573647] systemd[1]: Finished systemd-tmpfiles-setup-dev-early.service - Create Static Device Nodes in /dev gracefully.
[  255.574085] systemd[1]: systemd-hwdb-update.service - Rebuild Hardware Database was skipped because of an unmet condition check (ConditionNeedsUpdate=/etc).
[  255.574108] systemd[1]: systemd-pstore.service - Platform Persistent Storage Archival was skipped because of an unmet condition check (ConditionDirectoryNotEmpty=/sys/fs/pstore).
[  255.574589] systemd[1]: Starting systemd-random-seed.service - Load/Save OS Random Seed...
[  255.574617] systemd[1]: systemd-sysusers.service - Create System Users was skipped because no trigger condition checks were met.
[  255.575123] systemd[1]: Starting systemd-tmpfiles-setup-dev.service - Create Static Device Nodes in /dev...
[  255.575134] systemd[1]: systemd-tpm2-setup.service - TPM2 SRK Setup was skipped because of an unmet condition check (ConditionSecurity=measured-uki).
[  255.581082] systemd[1]: Finished systemd-tmpfiles-setup-dev.service - Create Static Device Nodes in /dev.
[  255.581739] systemd[1]: Starting systemd-udevd.service - Rule-based Manager for Device Events and Files...
[  255.585075] io scheduler kyber registered
[  255.585409] systemd[1]: Finished keyboard-setup.service - Set the console keyboard layout.
[  255.585586] systemd[1]: Finished systemd-random-seed.service - Load/Save OS Random Seed.
[  255.585730] systemd[1]: Finished systemd-modules-load.service - Load Kernel Modules.
[  255.586231] systemd[1]: Starting systemd-sysctl.service - Apply Kernel Variables...
[  255.595493] systemd[1]: Finished systemd-sysctl.service - Apply Kernel Variables.
[  255.601926] systemd[1]: Started systemd-journald.service - Journal Service.
[  255.606900] systemd-journald[562]: Received client request to flush runtime journal.
[  255.607842] systemd-journald[562]: File /var/log/journal/06a855d5c03a36d6da19ad4469cd6f3e/system.journal corrupted or uncleanly shut down, renaming and replacing.
[  255.709866] ACPI BIOS Error (bug): Could not resolve symbol [\DPPP], AE_NOT_FOUND (20250807/psargs-332)

[  255.709879] No Local Variables are initialized for Method [IDSP]

[  255.709880] No Arguments are initialized for method [IDSP]

[  255.709882] ACPI Error: Aborting method \_SB.IETM.IDSP due to previous error (AE_NOT_FOUND) (20250807/psparse-529)
[  255.709898] ACPI Warning: \_SB.IETM._TRT: Return Package has no elements (empty) (20250807/nsprepkg-94)
[  255.774575] Serial bus multi instantiate pseudo device driver INT3515:00: error -ENXIO: IRQ index 1 not found
[  255.774578] FAT-fs (nvme0n1p1): Volume was not properly unmounted. Some data may be corrupt. Please run fsck.
[  255.774582] Serial bus multi instantiate pseudo device driver INT3515:00: error -ENXIO: Error requesting irq at index 1
[  255.774747] FAT-fs (nvme0n1p2): Volume was not properly unmounted. Some data may be corrupt. Please run fsck.
[  255.792570] intel_pch_thermal 0000:00:12.0: enabling device (0000 -> 0002)
[  255.796726] nvidia-gpu 0000:01:00.3: enabling device (0000 -> 0002)
[  255.802218] audit: type=1400 audit(1775404346.770:2): apparmor="STATUS" operation="profile_load" profile="unconfined" name="balena-etcher" pid=785 comm="apparmor_parser"
[  255.802226] audit: type=1400 audit(1775404346.770:3): apparmor="STATUS" operation="profile_load" profile="unconfined" name="buildah" pid=788 comm="apparmor_parser"
[  255.802228] audit: type=1400 audit(1775404346.770:4): apparmor="STATUS" operation="profile_load" profile="unconfined" name="1password" pid=779 comm="apparmor_parser"
[  255.802230] audit: type=1400 audit(1775404346.770:5): apparmor="STATUS" operation="profile_load" profile="unconfined" name="Discord" pid=780 comm="apparmor_parser"
[  255.802232] audit: type=1400 audit(1775404346.770:6): apparmor="STATUS" operation="profile_load" profile="unconfined" name="brave" pid=787 comm="apparmor_parser"
[  255.802234] audit: type=1400 audit(1775404346.770:7): apparmor="STATUS" operation="profile_load" profile="unconfined" name="QtWebEngineProcess" pid=784 comm="apparmor_parser"
[  255.802236] audit: type=1400 audit(1775404346.770:8): apparmor="STATUS" operation="profile_load" profile="unconfined" name="busybox" pid=790 comm="apparmor_parser"
[  255.802527] audit: type=1400 audit(1775404346.770:9): apparmor="STATUS" operation="profile_load" profile="unconfined" name="cam" pid=792 comm="apparmor_parser"
[  255.802742] audit: type=1400 audit(1775404346.770:10): apparmor="STATUS" operation="profile_load" profile="unconfined" name=4D6F6E676F444220436F6D70617373 pid=781 comm="apparmor_parser"
[  255.804896] audit: type=1400 audit(1775404346.773:11): apparmor="STATUS" operation="profile_load" profile="unconfined" name="ch-checkns" pid=795 comm="apparmor_parser"
[  255.814382] intel_pmc_core INT33A1:00:  initialized
[  255.853072] Bluetooth: Core ver 2.22
[  255.853879] NET: Registered PF_BLUETOOTH protocol family
[  255.853882] Bluetooth: HCI device and connection manager initialized
[  255.853886] Bluetooth: HCI socket layer initialized
[  255.853888] Bluetooth: L2CAP socket layer initialized
[  255.853894] Bluetooth: SCO socket layer initialized
[  255.913921] cfg80211: Loading compiled-in X.509 certificates for regulatory database
[  255.914172] Loaded X.509 cert 'sforshee: 00b28ddf47aef9cea7'
[  255.914257] mc: Linux media interface: v0.10
[  255.914288] mei_me 0000:00:16.0: enabling device (0000 -> 0002)
[  255.914308] Loaded X.509 cert 'wens: 61c038651aabdcf94bd0ac7ff06c7248db18c600'
[  255.918150] RAPL PMU: API unit is 2^-32 Joules, 5 fixed counters, 655360 ms ovfl timer
[  255.918153] RAPL PMU: hw unit of domain pp0-core 2^-14 Joules
[  255.918154] RAPL PMU: hw unit of domain package 2^-14 Joules
[  255.918155] RAPL PMU: hw unit of domain dram 2^-14 Joules
[  255.918156] RAPL PMU: hw unit of domain pp1-gpu 2^-14 Joules
[  255.918157] RAPL PMU: hw unit of domain psys 2^-14 Joules
[  255.920638] intel_rapl_common: Found RAPL domain package
[  255.920640] intel_rapl_common: Found RAPL domain core
[  255.920641] intel_rapl_common: Found RAPL domain uncore
[  255.920642] intel_rapl_common: Found RAPL domain dram
[  255.920642] intel_rapl_common: Found RAPL domain psys
[  255.935238] Adding 4193784k swap on /dev/mapper/cryptswap.  Priority:-2 extents:1 across:4193784k SS
[  255.944688] i801_smbus 0000:00:1f.4: SPD Write Disable is set
[  255.944706] i801_smbus 0000:00:1f.4: SMBus using PCI interrupt
[  255.946382] asus_wmi: ASUS WMI generic driver loaded
[  255.947936] mei_hdcp 0000:00:16.0-b638ab7e-94e2-4ea2-a552-d1c54b627f04: bound 0000:00:02.0 (ops i915_hdcp_ops [i915])
[  255.952221] videodev: Linux video capture interface: v2.00
[  255.958665] spi-nor spi0.0: supply vcc not found, using dummy regulator
[  255.958751] iwlwifi 0000:00:14.3: enabling device (0000 -> 0002)
[  255.958936] asus_wmi: Initialization: 0x1
[  255.959009] asus_wmi: BIOS WMI version: 9.0
[  255.959054] asus_wmi: SFUN value: 0x21
[  255.959058] asus-nb-wmi asus-nb-wmi: Detected ATK, not ASUSWMI, use DSTS
[  255.960832] iwlwifi 0000:00:14.3: Detected crf-id 0x3617, cnv-id 0x20000302 wfpm id 0x80000000
[  255.960851] iwlwifi 0000:00:14.3: PCI dev 06f0/0074, rev=0x351, rfid=0x10a100
[  255.960853] iwlwifi 0000:00:14.3: Detected Intel(R) Wi-Fi 6 AX201 160MHz
[  255.963842] input: Asus WMI hotkeys as /devices/platform/asus-nb-wmi/input/input55
[  255.966378] Creating 1 MTD partitions on "0000:00:1f.5":
[  255.966381] 0x000000000000-0x000001000000 : "BIOS"
[  255.967535] iwlwifi 0000:00:14.3: loaded firmware version 77.2753b721.0 QuZ-a0-hr-b0-77.ucode op_mode iwlmvm
[  255.969426] intel_tcc_cooling: Programmable TCC Offset detected
[  255.971247] proc_thermal 0000:00:04.0: enabling device (0000 -> 0002)
[  255.972105] intel_rapl_common: Found RAPL domain package
[  255.972107] intel_rapl_common: Found RAPL domain dram
[  255.976042] uvcvideo 1-9:1.0: Found UVC 1.10 device USB2.0 HD UVC WebCam (13d3:56eb)
[  255.977451] uvcvideo 1-9:1.2: Found UVC 1.50 device USB2.0 HD UVC WebCam (13d3:56eb)
[  255.978056] usbcore: registered new interface driver uvcvideo
[  255.982843] usbcore: registered new interface driver btusb
[  255.983118] snd_hda_intel 0000:00:1f.3: enabling device (0000 -> 0002)
[  255.983463] Bluetooth: hci0: Bootloader revision 0.4 build 0 week 30 2018
[  255.983326] snd_hda_intel 0000:00:1f.3: bound 0000:00:02.0 (ops intel_audio_component_bind_ops [i915])
[  255.983666] snd_hda_intel 0000:01:00.1: enabling device (0000 -> 0002)
[  255.983745] snd_hda_intel 0000:01:00.1: Disabling MSI
[  255.983751] snd_hda_intel 0000:01:00.1: Handle vga_switcheroo audio client
[  255.984460] Bluetooth: hci0: Device revision is 2
[  255.984462] Bluetooth: hci0: Secure boot is enabled
[  255.984463] Bluetooth: hci0: OTP lock is enabled
[  255.984464] Bluetooth: hci0: API lock is enabled
[  255.984464] Bluetooth: hci0: Debug lock is disabled
[  255.984465] Bluetooth: hci0: Minimum firmware build 1 week 10 2014
[  255.987745] Bluetooth: hci0: Found device firmware: intel/ibt-19-0-4.sfi
[  255.987778] Bluetooth: hci0: Boot Address: 0x24800
[  255.987779] Bluetooth: hci0: Firmware Version: 132-3.24
[  256.067839] asus_wmi: fan_curve_get_factory_default (0x00110024) failed: -19
[  256.068142] asus_wmi: fan_curve_get_factory_default (0x00110025) failed: -19
[  256.068378] asus_wmi: fan_curve_get_factory_default (0x00110032) failed: -19
[  256.068791] asus_wmi: using asus-wmi for asus::kbd_backlight
[  256.084473] input: HDA NVidia HDMI/DP,pcm=3 as /devices/pci0000:00/0000:00:01.0/0000:01:00.1/sound/card1/input56
[  256.084519] input: HDA NVidia HDMI/DP,pcm=7 as /devices/pci0000:00/0000:00:01.0/0000:01:00.1/sound/card1/input57
[  256.084555] input: HDA NVidia HDMI/DP,pcm=8 as /devices/pci0000:00/0000:00:01.0/0000:01:00.1/sound/card1/input58
[  256.084594] input: HDA NVidia HDMI/DP,pcm=9 as /devices/pci0000:00/0000:00:01.0/0000:01:00.1/sound/card1/input59
[  256.090876] snd_hda_codec_alc269 hdaudioC0D0: ALC295: picked fixup  for PCI SSID 1043:19e1
[  256.091521] snd_hda_codec_alc269 hdaudioC0D0: autoconfig for ALC295: line_outs=1 (0x17/0x0/0x0/0x0/0x0) type:speaker
[  256.091526] snd_hda_codec_alc269 hdaudioC0D0:    speaker_outs=0 (0x0/0x0/0x0/0x0/0x0)
[  256.091527] snd_hda_codec_alc269 hdaudioC0D0:    hp_outs=1 (0x21/0x0/0x0/0x0/0x0)
[  256.091529] snd_hda_codec_alc269 hdaudioC0D0:    mono: mono_out=0x0
[  256.091530] snd_hda_codec_alc269 hdaudioC0D0:    inputs:
[  256.091531] snd_hda_codec_alc269 hdaudioC0D0:      Internal Mic=0x12
[  256.091532] snd_hda_codec_alc269 hdaudioC0D0:      Internal Mic=0x13
[  256.091533] snd_hda_codec_alc269 hdaudioC0D0:      Headset Mic=0x19
[  256.124647] ACPI: battery: new hook: ASUS Battery Extension
[  256.232910] iwlwifi 0000:00:14.3: Detected RF HR B3, rfid=0x10a100
[  256.298668] iwlwifi 0000:00:14.3: base HW address: cc:d9:ac:50:bc:98
[  256.330459] iwlwifi 0000:00:14.3 wlo1: renamed from wlan0
[  256.711190] zram: Added device: zram0
[  256.712246] Bluetooth: BNEP (Ethernet Emulation) ver 1.3
[  256.712248] Bluetooth: BNEP filters: protocol multicast
[  256.712251] Bluetooth: BNEP socket layer initialized
[  256.741853] nvme nvme0: using unchecked data buffer
[  256.786924] NET: Registered PF_QIPCRTR protocol family
[  256.907174] input: HDA Intel PCH Headphone as /devices/pci0000:00/0000:00:1f.3/sound/card0/input60
[  256.907224] input: HDA Intel PCH HDMI/DP,pcm=3 as /devices/pci0000:00/0000:00:1f.3/sound/card0/input61
[  256.907262] input: HDA Intel PCH HDMI/DP,pcm=7 as /devices/pci0000:00/0000:00:1f.3/sound/card0/input62
[  256.907299] input: HDA Intel PCH HDMI/DP,pcm=8 as /devices/pci0000:00/0000:00:1f.3/sound/card0/input63
[  256.958804] nvidia-gpu 0000:01:00.3: i2c timeout error e0000000
[  256.958810] ucsi_ccg 13-0008: i2c_transfer failed -110
[  256.958813] ucsi_ccg 13-0008: ucsi_ccg_init failed - -110
[  256.958819] ucsi_ccg 13-0008: probe with driver ucsi_ccg failed with error -110
[  256.972725] zram0: detected capacity change from 0 to 33554432
[  256.981692] Adding 16777212k swap on /dev/zram0.  Priority:1000 extents:1 across:16777212k SS
[  257.458920] ACPI BIOS Error (bug): Could not resolve symbol [\DPPP], AE_NOT_FOUND (20250807/psargs-332)
[  257.458928] fbcon: Taking over console

[  257.459059] No Local Variables are initialized for Method [IDSP]

[  257.459060] No Arguments are initialized for method [IDSP]

[  257.459062] ACPI Error: Aborting method \_SB.IETM.IDSP due to previous error (AE_NOT_FOUND) (20250807/psparse-529)
[  257.459067] ACPI Error: Aborting method \_SB.IETM._OSC due to previous error (AE_NOT_FOUND) (20250807/psparse-529)
[  257.459107] Consider using thermal netlink events interface
[  257.465638] Console: switching to colour frame buffer device 240x34
[  257.655548] Bluetooth: hci0: Waiting for firmware download to complete
[  257.656436] Bluetooth: hci0: Firmware loaded in 1629581 usecs
[  257.656468] Bluetooth: hci0: Waiting for device to boot
[  257.671444] Bluetooth: hci0: Device booted in 14638 usecs
[  257.671594] Bluetooth: hci0: Found Intel DDC parameters: intel/ibt-19-0-4.ddc
[  257.673448] Bluetooth: hci0: Applying Intel DDC parameters completed
[  257.674450] Bluetooth: hci0: Firmware revision 0.4 build 132 week 3 2024
[  257.676456] Bluetooth: hci0: HCI LE Coded PHY feature bit is set, but its usage is not supported.
[  257.741657] Bluetooth: MGMT ver 1.23
[  257.744856] NET: Registered PF_ALG protocol family
[  257.858734] Bluetooth: RFCOMM TTY layer initialized
[  257.858741] Bluetooth: RFCOMM socket layer initialized
[  257.858744] Bluetooth: RFCOMM ver 1.11
[  261.034081] wlo1: authenticate with 26:00:ab:c0:37:c3 (local address=cc:d9:ac:50:bc:98)
[  261.035236] wlo1: send auth to 26:00:ab:c0:37:c3 (try 1/3)
[  261.064225] wlo1: authenticated
[  261.064770] wlo1: associate with 26:00:ab:c0:37:c3 (try 1/3)
[  261.068838] wlo1: RX AssocResp from 26:00:ab:c0:37:c3 (capab=0x511 status=0 aid=44)
[  261.068873] wlo1: AP has invalid WMM params (AIFSN=1 for ACI 2), will use 2
[  261.068879] wlo1: AP has invalid WMM params (AIFSN=1 for ACI 3), will use 2
[  261.081046] wlo1: associated
[  261.149277] wlo1: Limiting TX power to 30 (30 - 0) dBm as advertised by 26:00:ab:c0:37:c3
[  261.482524] systemd-journald[562]: /var/log/journal/06a855d5c03a36d6da19ad4469cd6f3e/user-1000.journal: Journal file uses a different sequence number ID, rotating.
[  269.702972] input: LIFT Mouse as /devices/virtual/misc/uhid/0005:046D:B031.000B/input/input64
[  269.703152] hid-generic 0005:046D:B031.000B: input,hidraw10: BLUETOOTH HID v0.11 Mouse [LIFT] on cc:d9:ac:50:bc:9c
[  274.432636] warning: `ThreadPoolForeg' uses wireless extensions which will stop working for Wi-Fi 7 hardware; use nl80211
[ 3283.338079] usbcore: registered new interface driver trigger6
[ 3283.393080] trigger6 6-1.1:1.0: T6 RAM: 58 MB
[ 3283.394019] usb 6-1.1: Head 0: QG241Y (1920x1080) transport=raw scanout=manual-only fb=0x01c00000 cmd=0x00000000 cmd-cursor=0x00000000
[ 3283.394022] usb 6-1.1: Head 0 is in manual-only mode; DRM connectors stay disconnected until the module is reloaded with manual_only=0
[ 3283.394023] usb 6-1.1: Head 1: K272HL (1920x1080) transport=user-jpeg scanout=manual-only fb=0x02e00000 cmd=0x02800000 cmd-cursor=0x02800000
[ 3283.394025] usb 6-1.1: Head 1 is in manual-only mode; DRM connectors stay disconnected until the module is reloaded with manual_only=0
[ 3283.562615] trigger6 6-1.1:1.0: secondary_userspace_jpeg=1 requires a userspace feeder to write JPEG frames into /dev/trigger6-*-out1-jpeg for logical output 1
[ 3283.562643] trigger6 6-1.1:1.0: manual_only=1 keeps DRM connectors disconnected and blocks automatic scanout; use this for the safest guarded live probes
[ 3283.562908] usb 6-1.1: Registered userspace JPEG injection device /dev/trigger6-006-003-out1-jpeg for output 1
[ 3283.563363] [drm] Initialized trigger6 1.0.0 for 6-1.1:1.0 on minor 2
[ 3283.563373] trigger6 6-1.1:1.0: T6 display ready with 2 logical heads modeled
[ 3283.563533] usb 6-1.1: authorized to connect
[ 3283.596891] trigger6 6-1.2:1.0: T6 RAM: 58 MB
[ 3283.597796] usb 6-1.2: Head 0: K272HL (1920x1080) transport=raw scanout=manual-only fb=0x01c00000 cmd=0x00000000 cmd-cursor=0x00000000
[ 3283.597801] usb 6-1.2: Head 0 is in manual-only mode; DRM connectors stay disconnected until the module is reloaded with manual_only=0
[ 3283.692739] trigger6 6-1.2:1.0: secondary_userspace_jpeg=1 requires a userspace feeder to write JPEG frames into /dev/trigger6-*-out1-jpeg for logical output 1
[ 3283.692742] trigger6 6-1.2:1.0: manual_only=1 keeps DRM connectors disconnected and blocks automatic scanout; use this for the safest guarded live probes
[ 3283.692937] [drm] Initialized trigger6 1.0.0 for 6-1.2:1.0 on minor 3
[ 3283.692940] trigger6 6-1.2:1.0: T6 display ready with 2 logical heads modeled
[ 3283.692973] usb 6-1.2: authorized to connect
