== uname -a ==
Linux asus-zenbook 6.18.7-76061807-generic #202601231045~1769703228~24.04~cb87b5b SMP PREEMPT_DYNAMIC Thu J x86_64 x86_64 x86_64 GNU/Linux

== lsmod | grep trigger6 ==
trigger6               36864  19

== lsusb -d 0711:5601 ==
Bus 006 Device 003: ID 0711:5601 Magic Control Technology Corp. T6 USB Station
Bus 006 Device 004: ID 0711:5601 Magic Control Technology Corp. T6 USB Station

== trigger6-backed DRM outputs ==

== recent dmesg ==
[  127.480694] systemd[1]: Mounting sys-kernel-tracing.mount - Kernel Trace File System...
[  127.482198] systemd[1]: Starting systemd-journald.service - Journal Service...
[  127.482250] systemd[1]: Finished blk-availability.service - Availability of block devices.
[  127.482773] systemd[1]: Starting keyboard-setup.service - Set the console keyboard layout...
[  127.483207] systemd[1]: Starting kmod-static-nodes.service - Create List of Static Device Nodes...
[  127.483626] systemd[1]: Starting lvm2-monitor.service - Monitoring of LVM2 mirrors, snapshots etc. using dmeventd or progress polling...
[  127.484056] systemd[1]: Starting modprobe@configfs.service - Load Kernel Module configfs...
[  127.484486] systemd[1]: Starting modprobe@dm_mod.service - Load Kernel Module dm_mod...
[  127.484920] systemd[1]: Starting modprobe@drm.service - Load Kernel Module drm...
[  127.485390] systemd[1]: Starting modprobe@efi_pstore.service - Load Kernel Module efi_pstore...
[  127.486073] systemd[1]: Starting modprobe@fuse.service - Load Kernel Module fuse...
[  127.486786] systemd[1]: Starting modprobe@loop.service - Load Kernel Module loop...
[  127.486907] systemd[1]: systemd-fsck-root.service - File System Check on Root Device was skipped because of an unmet condition check (ConditionPathExists=!/run/initramfs/fsck-root).
[  127.487936] systemd[1]: Starting systemd-modules-load.service - Load Kernel Modules...
[  127.487950] systemd[1]: systemd-pcrmachine.service - TPM2 PCR Machine ID Measurement was skipped because of an unmet condition check (ConditionSecurity=measured-uki).
[  127.488497] systemd[1]: Starting systemd-remount-fs.service - Remount Root and Kernel File Systems...
[  127.488522] systemd[1]: systemd-tpm2-setup-early.service - TPM2 SRK Setup (Early) was skipped because of an unmet condition check (ConditionSecurity=measured-uki).
[  127.488992] systemd[1]: Starting systemd-udev-trigger.service - Coldplug All udev Devices...
[  127.490069] systemd[1]: Mounted dev-hugepages.mount - Huge Pages File System.
[  127.490170] systemd[1]: Mounted dev-mqueue.mount - POSIX Message Queue File System.
[  127.490257] systemd[1]: Mounted sys-kernel-debug.mount - Kernel Debug File System.
[  127.490347] systemd[1]: Mounted sys-kernel-tracing.mount - Kernel Trace File System.
[  127.490380] pstore: Using crash dump compression: deflate
[  127.490531] systemd[1]: Finished kmod-static-nodes.service - Create List of Static Device Nodes.
[  127.490760] systemd[1]: modprobe@configfs.service: Deactivated successfully.
[  127.490880] systemd[1]: Finished modprobe@configfs.service - Load Kernel Module configfs.
[  127.491116] systemd[1]: modprobe@dm_mod.service: Deactivated successfully.
[  127.491238] systemd[1]: Finished modprobe@dm_mod.service - Load Kernel Module dm_mod.
[  127.491451] systemd[1]: modprobe@drm.service: Deactivated successfully.
[  127.491572] systemd[1]: Finished modprobe@drm.service - Load Kernel Module drm.
[  127.491806] systemd[1]: modprobe@fuse.service: Deactivated successfully.
[  127.491925] systemd[1]: Finished modprobe@fuse.service - Load Kernel Module fuse.
[  127.492074] systemd[1]: modprobe@loop.service: Deactivated successfully.
[  127.492149] systemd[1]: Finished modprobe@loop.service - Load Kernel Module loop.
[  127.492697] systemd[1]: Mounting sys-fs-fuse-connections.mount - FUSE Control File System...
[  127.493054] systemd-journald[561]: Collecting audit messages is disabled.
[  127.493117] systemd[1]: Mounting sys-kernel-config.mount - Kernel Configuration File System...
[  127.493143] systemd[1]: systemd-repart.service - Repartition Root Disk was skipped because no trigger condition checks were met.
[  127.493921] systemd[1]: Starting systemd-tmpfiles-setup-dev-early.service - Create Static Device Nodes in /dev gracefully...
[  127.496340] systemd[1]: Mounted sys-fs-fuse-connections.mount - FUSE Control File System.
[  127.496409] systemd[1]: Mounted sys-kernel-config.mount - Kernel Configuration File System.
[  127.497825] pstore: Registered efi_pstore as persistent store backend
[  127.498148] systemd[1]: modprobe@efi_pstore.service: Deactivated successfully.
[  127.498239] systemd[1]: Finished modprobe@efi_pstore.service - Load Kernel Module efi_pstore.
[  127.499296] lp: driver loaded but no devices found
[  127.501662] ppdev: user-space parallel port driver
[  127.504259] EXT4-fs (dm-1): re-mounted 7381d30c-1bbd-4a72-8dc7-36a57157b084 r/w.
[  127.504901] systemd[1]: Finished systemd-remount-fs.service - Remount Root and Kernel File Systems.
[  127.505299] systemd[1]: systemd-hwdb-update.service - Rebuild Hardware Database was skipped because of an unmet condition check (ConditionNeedsUpdate=/etc).
[  127.505322] systemd[1]: systemd-pstore.service - Platform Persistent Storage Archival was skipped because of an unmet condition check (ConditionDirectoryNotEmpty=/sys/fs/pstore).
[  127.505837] systemd[1]: Starting systemd-random-seed.service - Load/Save OS Random Seed...
[  127.505848] systemd[1]: systemd-tpm2-setup.service - TPM2 SRK Setup was skipped because of an unmet condition check (ConditionSecurity=measured-uki).
[  127.505985] systemd[1]: Finished systemd-tmpfiles-setup-dev-early.service - Create Static Device Nodes in /dev gracefully.
[  127.506058] systemd[1]: systemd-sysusers.service - Create System Users was skipped because no trigger condition checks were met.
[  127.506493] systemd[1]: Starting systemd-tmpfiles-setup-dev.service - Create Static Device Nodes in /dev...
[  127.512703] systemd[1]: Finished systemd-tmpfiles-setup-dev.service - Create Static Device Nodes in /dev.
[  127.513348] systemd[1]: Starting systemd-udevd.service - Rule-based Manager for Device Events and Files...
[  127.515956] systemd[1]: Finished keyboard-setup.service - Set the console keyboard layout.
[  127.516920] systemd[1]: Finished systemd-random-seed.service - Load/Save OS Random Seed.
[  127.519499] io scheduler kyber registered
[  127.519940] systemd[1]: Finished systemd-modules-load.service - Load Kernel Modules.
[  127.520446] systemd[1]: Starting systemd-sysctl.service - Apply Kernel Variables...
[  127.529818] systemd[1]: Finished systemd-sysctl.service - Apply Kernel Variables.
[  127.543235] systemd[1]: Finished lvm2-monitor.service - Monitoring of LVM2 mirrors, snapshots etc. using dmeventd or progress polling.
[  127.543286] systemd[1]: Reached target local-fs-pre.target - Preparation for Local File Systems.
[  127.545271] systemd[1]: Started systemd-journald.service - Journal Service.
[  127.557203] systemd-journald[561]: Received client request to flush runtime journal.
[  127.558228] systemd-journald[561]: File /var/log/journal/06a855d5c03a36d6da19ad4469cd6f3e/system.journal corrupted or uncleanly shut down, renaming and replacing.
[  127.664833] ACPI BIOS Error (bug): Could not resolve symbol [\DPPP], AE_NOT_FOUND (20250807/psargs-332)

[  127.664848] No Local Variables are initialized for Method [IDSP]

[  127.664849] No Arguments are initialized for method [IDSP]

[  127.664851] ACPI Error: Aborting method \_SB.IETM.IDSP due to previous error (AE_NOT_FOUND) (20250807/psparse-529)
[  127.664866] ACPI Warning: \_SB.IETM._TRT: Return Package has no elements (empty) (20250807/nsprepkg-94)
[  127.717862] intel_pch_thermal 0000:00:12.0: enabling device (0000 -> 0002)
[  127.718419] FAT-fs (nvme0n1p1): Volume was not properly unmounted. Some data may be corrupt. Please run fsck.
[  127.718652] Serial bus multi instantiate pseudo device driver INT3515:00: error -ENXIO: IRQ index 1 not found
[  127.718658] Serial bus multi instantiate pseudo device driver INT3515:00: error -ENXIO: Error requesting irq at index 1
[  127.719173] FAT-fs (nvme0n1p2): Volume was not properly unmounted. Some data may be corrupt. Please run fsck.
[  127.719891] nvidia-gpu 0000:01:00.3: enabling device (0000 -> 0002)
[  127.747912] intel_pmc_core INT33A1:00:  initialized
[  127.748592] mc: Linux media interface: v0.10
[  127.752108] audit: type=1400 audit(1775364265.742:2): apparmor="STATUS" operation="profile_load" profile="unconfined" name="QtWebEngineProcess" pid=807 comm="apparmor_parser"
[  127.752177] audit: type=1400 audit(1775364265.742:3): apparmor="STATUS" operation="profile_load" profile="unconfined" name="cam" pid=814 comm="apparmor_parser"
[  127.752192] audit: type=1400 audit(1775364265.742:4): apparmor="STATUS" operation="profile_load" profile="unconfined" name="Discord" pid=804 comm="apparmor_parser"
[  127.752219] audit: type=1400 audit(1775364265.742:5): apparmor="STATUS" operation="profile_load" profile="unconfined" name="ch-checkns" pid=815 comm="apparmor_parser"
[  127.752241] audit: type=1400 audit(1775364265.742:6): apparmor="STATUS" operation="profile_load" profile="unconfined" name="busybox" pid=813 comm="apparmor_parser"
[  127.752270] audit: type=1400 audit(1775364265.742:7): apparmor="STATUS" operation="profile_load" profile="unconfined" name="1password" pid=803 comm="apparmor_parser"
[  127.752456] audit: type=1400 audit(1775364265.742:8): apparmor="STATUS" operation="profile_load" profile="unconfined" name="ch-run" pid=816 comm="apparmor_parser"
[  127.752514] audit: type=1400 audit(1775364265.742:9): apparmor="STATUS" operation="profile_load" profile="unconfined" name="buildah" pid=812 comm="apparmor_parser"
[  127.752536] audit: type=1400 audit(1775364265.742:10): apparmor="STATUS" operation="profile_load" profile="unconfined" name="balena-etcher" pid=809 comm="apparmor_parser"
[  127.753623] audit: type=1400 audit(1775364265.743:11): apparmor="STATUS" operation="profile_load" profile="unconfined" name="chrome" pid=818 comm="apparmor_parser"
[  127.782604] Bluetooth: Core ver 2.22
[  127.817031] mei_me 0000:00:16.0: enabling device (0000 -> 0002)
[  127.817998] cfg80211: Loading compiled-in X.509 certificates for regulatory database
[  127.818190] Loaded X.509 cert 'sforshee: 00b28ddf47aef9cea7'
[  127.818307] Loaded X.509 cert 'wens: 61c038651aabdcf94bd0ac7ff06c7248db18c600'
[  127.821172] intel_rapl_common: Found RAPL domain package
[  127.821176] intel_rapl_common: Found RAPL domain core
[  127.821177] intel_rapl_common: Found RAPL domain uncore
[  127.821179] intel_rapl_common: Found RAPL domain dram
[  127.821180] intel_rapl_common: Found RAPL domain psys
[  127.821713] videodev: Linux video capture interface: v2.00
[  127.821787] NET: Registered PF_BLUETOOTH protocol family
[  127.821790] Bluetooth: HCI device and connection manager initialized
[  127.821796] Bluetooth: HCI socket layer initialized
[  127.821799] Bluetooth: L2CAP socket layer initialized
[  127.821807] Bluetooth: SCO socket layer initialized
[  127.822788] RAPL PMU: API unit is 2^-32 Joules, 5 fixed counters, 655360 ms ovfl timer
[  127.822791] RAPL PMU: hw unit of domain pp0-core 2^-14 Joules
[  127.822792] RAPL PMU: hw unit of domain package 2^-14 Joules
[  127.822793] RAPL PMU: hw unit of domain dram 2^-14 Joules
[  127.822794] RAPL PMU: hw unit of domain pp1-gpu 2^-14 Joules
[  127.822795] RAPL PMU: hw unit of domain psys 2^-14 Joules
[  127.823462] i801_smbus 0000:00:1f.4: SPD Write Disable is set
[  127.823489] i801_smbus 0000:00:1f.4: SMBus using PCI interrupt
[  127.836079] asus_wmi: ASUS WMI generic driver loaded
[  127.837235] spi-nor spi0.0: supply vcc not found, using dummy regulator
[  127.839926] asus_wmi: Initialization: 0x1
[  127.839981] asus_wmi: BIOS WMI version: 9.0
[  127.840012] asus_wmi: SFUN value: 0x21
[  127.840015] asus-nb-wmi asus-nb-wmi: Detected ATK, not ASUSWMI, use DSTS
[  127.841311] mei_hdcp 0000:00:16.0-b638ab7e-94e2-4ea2-a552-d1c54b627f04: bound 0000:00:02.0 (ops i915_hdcp_ops [i915])
[  127.842955] proc_thermal 0000:00:04.0: enabling device (0000 -> 0002)
[  127.843156] Creating 1 MTD partitions on "0000:00:1f.5":
[  127.843162] 0x000000000000-0x000001000000 : "BIOS"
[  127.847588] input: Asus WMI hotkeys as /devices/platform/asus-nb-wmi/input/input55
[  127.847598] intel_rapl_common: Found RAPL domain package
[  127.847600] intel_rapl_common: Found RAPL domain dram
[  127.851201] Adding 4193784k swap on /dev/mapper/cryptswap.  Priority:-2 extents:1 across:4193784k SS
[  127.852245] iwlwifi 0000:00:14.3: enabling device (0000 -> 0002)
[  127.854205] iwlwifi 0000:00:14.3: Detected crf-id 0x3617, cnv-id 0x20000302 wfpm id 0x80000000
[  127.854223] iwlwifi 0000:00:14.3: PCI dev 06f0/0074, rev=0x351, rfid=0x10a100
[  127.854226] iwlwifi 0000:00:14.3: Detected Intel(R) Wi-Fi 6 AX201 160MHz
[  127.859444] iwlwifi 0000:00:14.3: loaded firmware version 77.2753b721.0 QuZ-a0-hr-b0-77.ucode op_mode iwlmvm
[  127.899435] uvcvideo 1-9:1.0: Found UVC 1.10 device USB2.0 HD UVC WebCam (13d3:56eb)
[  127.900899] uvcvideo 1-9:1.2: Found UVC 1.50 device USB2.0 HD UVC WebCam (13d3:56eb)
[  127.901456] usbcore: registered new interface driver uvcvideo
[  127.914701] usbcore: registered new interface driver btusb
[  127.915367] Bluetooth: hci0: Bootloader revision 0.4 build 0 week 30 2018
[  127.916369] Bluetooth: hci0: Device revision is 2
[  127.916371] Bluetooth: hci0: Secure boot is enabled
[  127.916372] Bluetooth: hci0: OTP lock is enabled
[  127.916373] Bluetooth: hci0: API lock is enabled
[  127.916374] Bluetooth: hci0: Debug lock is disabled
[  127.916374] Bluetooth: hci0: Minimum firmware build 1 week 10 2014
[  127.919591] Bluetooth: hci0: Found device firmware: intel/ibt-19-0-4.sfi
[  127.919622] Bluetooth: hci0: Boot Address: 0x24800
[  127.919623] Bluetooth: hci0: Firmware Version: 132-3.24
[  127.985195] snd_hda_intel 0000:00:1f.3: enabling device (0000 -> 0002)
[  127.985686] snd_hda_intel 0000:00:1f.3: bound 0000:00:02.0 (ops intel_audio_component_bind_ops [i915])
[  127.985888] snd_hda_intel 0000:01:00.1: enabling device (0000 -> 0002)
[  127.986273] intel_tcc_cooling: Programmable TCC Offset detected
[  127.986822] snd_hda_intel 0000:01:00.1: Disabling MSI
[  127.986828] snd_hda_intel 0000:01:00.1: Handle vga_switcheroo audio client
[  128.010539] asus_wmi: fan_curve_get_factory_default (0x00110024) failed: -19
[  128.010816] asus_wmi: fan_curve_get_factory_default (0x00110025) failed: -19
[  128.011091] asus_wmi: fan_curve_get_factory_default (0x00110032) failed: -19
[  128.011502] asus_wmi: using asus-wmi for asus::kbd_backlight
[  128.038189] input: HDA NVidia HDMI/DP,pcm=3 as /devices/pci0000:00/0000:00:01.0/0000:01:00.1/sound/card1/input56
[  128.038394] input: HDA NVidia HDMI/DP,pcm=7 as /devices/pci0000:00/0000:00:01.0/0000:01:00.1/sound/card1/input57
[  128.038511] input: HDA NVidia HDMI/DP,pcm=8 as /devices/pci0000:00/0000:00:01.0/0000:01:00.1/sound/card1/input58
[  128.038559] input: HDA NVidia HDMI/DP,pcm=9 as /devices/pci0000:00/0000:00:01.0/0000:01:00.1/sound/card1/input59
[  128.047278] snd_hda_codec_alc269 hdaudioC0D0: ALC295: picked fixup  for PCI SSID 1043:19e1
[  128.047880] snd_hda_codec_alc269 hdaudioC0D0: autoconfig for ALC295: line_outs=1 (0x17/0x0/0x0/0x0/0x0) type:speaker
[  128.047882] snd_hda_codec_alc269 hdaudioC0D0:    speaker_outs=0 (0x0/0x0/0x0/0x0/0x0)
[  128.047884] snd_hda_codec_alc269 hdaudioC0D0:    hp_outs=1 (0x21/0x0/0x0/0x0/0x0)
[  128.047885] snd_hda_codec_alc269 hdaudioC0D0:    mono: mono_out=0x0
[  128.047886] snd_hda_codec_alc269 hdaudioC0D0:    inputs:
[  128.047887] snd_hda_codec_alc269 hdaudioC0D0:      Internal Mic=0x12
[  128.047888] snd_hda_codec_alc269 hdaudioC0D0:      Internal Mic=0x13
[  128.047889] snd_hda_codec_alc269 hdaudioC0D0:      Headset Mic=0x19
[  128.068434] ACPI: battery: new hook: ASUS Battery Extension
[  128.119690] iwlwifi 0000:00:14.3: Detected RF HR B3, rfid=0x10a100
[  128.185590] iwlwifi 0000:00:14.3: base HW address: cc:d9:ac:50:bc:98
[  128.225198] iwlwifi 0000:00:14.3 wlo1: renamed from wlan0
[  128.639976] Bluetooth: BNEP (Ethernet Emulation) ver 1.3
[  128.639979] Bluetooth: BNEP filters: protocol multicast
[  128.639982] Bluetooth: BNEP socket layer initialized
[  128.640634] zram: Added device: zram0
[  128.671505] nvme nvme0: using unchecked data buffer
[  128.715937] NET: Registered PF_QIPCRTR protocol family
[  128.834620] nvidia-gpu 0000:01:00.3: i2c timeout error e0000000
[  128.834626] ucsi_ccg 13-0008: i2c_transfer failed -110
[  128.834628] ucsi_ccg 13-0008: ucsi_ccg_init failed - -110
[  128.834635] ucsi_ccg 13-0008: probe with driver ucsi_ccg failed with error -110
[  128.866971] input: HDA Intel PCH Headphone as /devices/pci0000:00/0000:00:1f.3/sound/card0/input60
[  128.867052] input: HDA Intel PCH HDMI/DP,pcm=3 as /devices/pci0000:00/0000:00:1f.3/sound/card0/input61
[  128.867108] input: HDA Intel PCH HDMI/DP,pcm=7 as /devices/pci0000:00/0000:00:1f.3/sound/card0/input62
[  128.867154] input: HDA Intel PCH HDMI/DP,pcm=8 as /devices/pci0000:00/0000:00:1f.3/sound/card0/input63
[  128.910981] zram0: detected capacity change from 0 to 33554432
[  128.915941] Adding 16777212k swap on /dev/zram0.  Priority:1000 extents:1 across:16777212k SS
[  129.406893] ACPI BIOS Error (bug): Could not resolve symbol [\DPPP], AE_NOT_FOUND (20250807/psargs-332)
[  129.406904] fbcon: Taking over console

[  129.407088] No Local Variables are initialized for Method [IDSP]

[  129.407090] No Arguments are initialized for method [IDSP]

[  129.407092] ACPI Error: Aborting method \_SB.IETM.IDSP due to previous error (AE_NOT_FOUND) (20250807/psparse-529)
[  129.407100] ACPI Error: Aborting method \_SB.IETM._OSC due to previous error (AE_NOT_FOUND) (20250807/psparse-529)
[  129.407161] Consider using thermal netlink events interface
[  129.415022] Console: switching to colour frame buffer device 240x34
[  129.579931] Bluetooth: hci0: Waiting for firmware download to complete
[  129.580343] Bluetooth: hci0: Firmware loaded in 1621828 usecs
[  129.580382] Bluetooth: hci0: Waiting for device to boot
[  129.595349] Bluetooth: hci0: Device booted in 14630 usecs
[  129.595571] Bluetooth: hci0: Found Intel DDC parameters: intel/ibt-19-0-4.ddc
[  129.597380] Bluetooth: hci0: Applying Intel DDC parameters completed
[  129.598386] Bluetooth: hci0: Firmware revision 0.4 build 132 week 3 2024
[  129.600396] Bluetooth: hci0: HCI LE Coded PHY feature bit is set, but its usage is not supported.
[  129.665567] Bluetooth: MGMT ver 1.23
[  129.668928] NET: Registered PF_ALG protocol family
[  129.792724] Bluetooth: RFCOMM TTY layer initialized
[  129.792729] Bluetooth: RFCOMM socket layer initialized
[  129.792733] Bluetooth: RFCOMM ver 1.11
[  132.907137] wlo1: authenticate with 26:00:ab:c0:37:c3 (local address=cc:d9:ac:50:bc:98)
[  132.908400] wlo1: send auth to 26:00:ab:c0:37:c3 (try 1/3)
[  132.936650] wlo1: authenticated
[  132.937639] wlo1: associate with 26:00:ab:c0:37:c3 (try 1/3)
[  132.942491] wlo1: RX AssocResp from 26:00:ab:c0:37:c3 (capab=0x511 status=0 aid=17)
[  132.942527] wlo1: AP has invalid WMM params (AIFSN=1 for ACI 2), will use 2
[  132.942532] wlo1: AP has invalid WMM params (AIFSN=1 for ACI 3), will use 2
[  132.954556] wlo1: associated
[  133.021302] wlo1: Limiting TX power to 30 (30 - 0) dBm as advertised by 26:00:ab:c0:37:c3
[  134.366782] systemd-journald[561]: File /var/log/journal/06a855d5c03a36d6da19ad4469cd6f3e/user-1000.journal corrupted or uncleanly shut down, renaming and replacing.
[  204.255410] input: LIFT Mouse as /devices/virtual/misc/uhid/0005:046D:B031.000B/input/input64
[  204.256135] hid-generic 0005:046D:B031.000B: input,hidraw10: BLUETOOTH HID v0.11 Mouse [LIFT] on cc:d9:ac:50:bc:9c
[  207.957624] warning: `ThreadPoolForeg' uses wireless extensions which will stop working for Wi-Fi 7 hardware; use nl80211
[  216.579463] wlo1: AP has invalid WMM params (AIFSN=1 for ACI 2), will use 2
[  216.579467] wlo1: AP has invalid WMM params (AIFSN=1 for ACI 3), will use 2
[  395.572502] wlo1: AP has invalid WMM params (AIFSN=1 for ACI 2), will use 2
[  395.572519] wlo1: AP has invalid WMM params (AIFSN=1 for ACI 3), will use 2
[  679.634080] trigger6 6-1.1:1.0: T6 RAM: 58 MB
[  679.635390] usb 6-1.1: Head 0: QG241Y (1920x1080) transport=raw scanout=enabled fb=0x01c00000 cmd=0x00000000
[  679.635393] usb 6-1.1: Head 1: K272HL (1920x1080) transport=user-jpeg scanout=enabled fb=0x02e00000 cmd=0x02800000
[  679.804034] trigger6 6-1.1:1.0: secondary_userspace_jpeg=1 requires a userspace feeder to write JPEG frames into /dev/trigger6-*-out1-jpeg for logical output 1
[  679.804315] usb 6-1.1: Registered userspace JPEG injection device /dev/trigger6-006-003-out1-jpeg for output 1
[  679.804834] [drm] Initialized trigger6 1.0.0 for 6-1.1:1.0 on minor 2
[  679.804845] trigger6 6-1.1:1.0: T6 display ready with 2 logical heads modeled
[  679.805078] trigger6 6-1.2:1.0: T6 RAM: 58 MB
[  679.806213] usb 6-1.2: Head 0: K272HL (1920x1080) transport=raw scanout=enabled fb=0x01c00000 cmd=0x00000000
[  679.902355] trigger6 6-1.2:1.0: secondary_userspace_jpeg=1 requires a userspace feeder to write JPEG frames into /dev/trigger6-*-out1-jpeg for logical output 1
[  679.902516] [drm] Initialized trigger6 1.0.0 for 6-1.2:1.0 on minor 3
[  679.902518] trigger6 6-1.2:1.0: T6 display ready with 2 logical heads modeled
[  679.902539] usbcore: registered new interface driver trigger6
[  695.418197] usb 6-1.1: Frame send failed on output 0: -110
[  695.418232] usb 6-1.2: Frame send failed on output 0: -110
[  695.453737] usb 6-1.1: Frame send failed on output 0: -71
[  695.453743] usb 6-1.2: Frame send failed on output 0: -71
[  695.987705] usb 6-1.2: Frame send failed on output 0: -71
[  696.041154] usb 6-1.2: Frame send failed on output 0: -71
[  696.994204] usb 6-1.2: Frame send failed on output 0: -71
[  697.045153] usb 6-1.2: Frame send failed on output 0: -71
[  697.996631] usb 6-1.2: Frame send failed on output 0: -71
[  698.046666] usb 6-1.2: Frame send failed on output 0: -71
[  701.033136] t6_frame_work: 8 callbacks suppressed
[  701.033148] usb 6-1.2: Frame send failed on output 0: -71
[  701.067110] usb 6-1.2: Frame send failed on output 0: -71
[  701.938557] usb 6-1.2: Frame send failed on output 0: -71
[  701.955209] usb 6-1.2: Frame send failed on output 0: -71
[  703.057086] usb 6-1.2: Frame send failed on output 0: -71
[  703.103743] usb 6-1.2: Frame send failed on output 0: -71
[  703.952152] usb 6-1.2: Frame send failed on output 0: -71
[  705.069610] usb 6-1.2: Frame send failed on output 0: -71
[  705.120630] usb 6-1.2: Frame send failed on output 0: -71
[  705.987041] usb 6-1.2: Frame send failed on output 0: -71
[  707.056624] usb 6-1.2: Frame send failed on output 0: -71
[  707.988043] usb 6-1.2: Frame send failed on output 0: -71
[  709.101688] usb 6-1.2: Frame send failed on output 0: -71
[  709.981498] usb 6-1.2: Frame send failed on output 0: -71
[  710.712056] usb 6-1.2: Frame send failed on output 0: -71
[  710.761048] usb 6-1.2: Frame send failed on output 0: -71
[  710.813179] usb 6-1.2: Frame send failed on output 0: -71
[  710.863166] usb 6-1.2: Frame send failed on output 0: -71
[  712.045540] usb 6-1.2: Frame send failed on output 0: -71
[  713.165582] usb 6-1.2: Frame send failed on output 0: -71
[  714.051097] usb 6-1.2: Frame send failed on output 0: -71
[  714.917138] usb 6-1.2: Frame send failed on output 0: -71
[  714.968546] usb 6-1.2: Frame send failed on output 0: -71
[  716.087820] usb 6-1.2: Frame send failed on output 0: -71
[  716.907099] usb 6-1.2: Frame send failed on output 0: -71
[  716.956104] usb 6-1.2: Frame send failed on output 0: -71
[  718.091081] usb 6-1.2: Frame send failed on output 0: -71
[  718.926221] usb 6-1.2: Frame send failed on output 0: -71
[  718.976111] usb 6-1.2: Frame send failed on output 0: -71
[  720.128567] usb 6-1.2: Frame send failed on output 0: -71
[  720.949099] usb 6-1.2: Frame send failed on output 0: -71
[  722.147148] usb 6-1.2: Frame send failed on output 0: -71
[  722.965616] usb 6-1.2: Frame send failed on output 0: -71
[  724.166217] usb 6-1.2: Frame send failed on output 0: -71
[  724.984540] usb 6-1.2: Frame send failed on output 0: -71
[  726.203604] usb 6-1.2: Frame send failed on output 0: -71
[  727.021582] usb 6-1.2: Frame send failed on output 0: -71
[  728.195000] usb 6-1.2: Frame send failed on output 0: -71
[  728.210625] usb 6-1.2: Frame send failed on output 0: -71
[  729.023064] usb 6-1.2: Frame send failed on output 0: -71
[  730.186639] usb 6-1.2: Frame send failed on output 0: -71
